// Jest Snapshot v1, https://goo.gl/fbAQLP

exports[`<Todo /> Todo toMatchSnapshot 1`] = `ShallowWrapper {}`;
